╭ * pr  (stale 12m) ───────────────────────────────────────────────────────────────╮
│ Clamp the poller backoff · fix #412                                              │
│ acme/tools · In Review                                                           │
│                                                                                  │
│ repo   acme/tools #412                                                           │
│ diff   +42 −7 across 3 files                                                     │
│ emoji  shipped 🚀 いいね                                                         │
│ ──────────────────────────────────────────────────────────────────────────────── │
│ Summary                                                                          │
│                                                                                  │
│ clamp backoff to [1s, 5m]                                                        │
│                                                                                  │
│ • reuse the idle timer                                                           │
│ • drop the redundant fsync                                                       │
│                                                                                  │
│ go test ./...    one    tab                                                      │
│                                                                                  │
│ See the plan (https://example.invalid/plan).                                     │
╰──────────────────────────────────────────────────────────────────────────────────╯
╭──────────────────────────────────────────────────────────────────────────────────╮
│ checks                                                                           │
│ lint         success in 41s                                                      │
│ unit    column  failure in 2m18s                                                 │
╰──────────────────────────────────────────────────────────────────────────────────╯
╭──────────────────────────────────────────────────────────────────────────────────╮
│ files                                                                            │
│ internal/signals/cache.go    +88 −12                                             │
│ internal/app/flight.go +31 −4                                                    │
╰──────────────────────────────────────────────────────────────────────────────────╯
╭──────────────────────────────────────────────────────────────────────────────────╮
│ comments                                                                         │
│ @alice · 2h ago                                                                  │
│                                                                                  │
│ please clamp the upper bound too                                                 │
╰──────────────────────────────────────────────────────────────────────────────────╯